// Jest Snapshot v1, https://goo.gl/fbAQLP

exports[`Alert It should render a snapshot 1`] = `
<DocumentFragment>
  <div
    class="ids-alert ids-alert--card ids-alert--info"
  >
    <div
      class="ids-alert__icon ids-alert__icon--card ids-alert__icon--medium-centered"
    >
      <svg
        fill="#BAE6FF"
        height="40"
        viewBox="0 0 40 40"
        width="40"
        xmlns="http://www.w3.org/2000/svg"
      >
        <path
          d="M0 20C0 8.954 8.954 0 20 0s20 8.954 20 20-8.954 20-20 20S0 31.046 0 20Z"
        />
        <path
          d="M29.138 29.138A12.976 12.976 0 0 0 34 19c0-7.18-5.82-13-13-13-4.1 0-7.755 1.897-10.138 4.862C8.5 13.5 6 16.9 6 21c0 7.18 5.82 13 13 13 4.1 0 7-2.5 10.138-4.862Z"
          fill="#0A538B"
        />
        <path
          d="M32.75 19c0 6.49-5.26 11.75-11.75 11.75S9.25 25.49 9.25 19 14.51 7.25 21 7.25 32.75 12.51 32.75 19Z"
          fill="#fff"
        />
        <path
          clip-rule="evenodd"
          d="M21.625 26.125v-8.25h-1.25v8.25h1.25Z"
          fill="#0A538B"
          fill-rule="evenodd"
        />
        <path
          d="M23 14a2 2 0 1 0-4 0 2 2 0 0 0 4 0Z"
          fill="#0A538B"
        />
      </svg>
    </div>
    <div
      class="ids-alert__body"
    >
      <div
        class="ids-alert__header"
      >
        <p
          class="ids-alert__title"
        />
        <p
          class="ids-alert__metadata"
        />
      </div>
      <div
        class="ids-alert__content"
      />
    </div>
    <button
      aria-label="Close"
      class="ids-btn ids-icon-btn ids-icon-btn--xsmall ids-alert__dismiss-btn ids-btn--ghost-secondary"
      title=""
      type="button"
    >
      <span
        class=""
      >
        <svg
          aria-hidden="true"
          class="Icon-module__hop-Icon___QR-jY"
          focusable="false"
          height="16"
          role="img"
          viewBox="0 0 16 16"
          width="16"
        >
          <path
            d="M12.947 4.114a.75.75 0 1 0-1.061-1.06L8 6.938 4.114 3.053a.75.75 0 0 0-1.06 1.061L6.938 8l-3.886 3.886a.75.75 0 0 0 1.061 1.06L8 9.062l3.886 3.886a.75.75 0 0 0 1.06-1.061L9.062 8z"
            fill-rule="evenodd"
          />
        </svg>
      </span>
    </button>
  </div>
</DocumentFragment>
`;
