// Jest Snapshot v1, https://goo.gl/fbAQLP

exports[`Combobox It should render a snapshot 1`] = `
<DocumentFragment>
  <div
    class="ids-combobox ids-combobox--active"
    data-test="combobox1"
    role="button"
    tabindex="0"
  >
    <div
      class="ids-dropdown__ref"
    >
      <div
        class="ids-combobox-input ids-combobox-input--placeholder"
      >
        <div
          class="ids-combobox-input__value"
        >
          <span
            class="ids-combobox-input__value-label"
          >
            Hello world
          </span>
        </div>
        <div
          class="ids-combobox-input__actions"
        >
          <svg
            aria-hidden="true"
            class="Icon-module__hop-Icon___QR-jY ids-combobox-input__chevron"
            focusable="false"
            height="16"
            role="img"
            viewBox="0 0 16 16"
            width="16"
          >
            <path
              d="M1.97 10.43a.75.75 0 0 0 1.06 0L8 5.46l4.97 4.97a.75.75 0 1 0 1.06-1.061L8.707 4.046a1 1 0 0 0-1.414 0L1.97 9.37a.75.75 0 0 0 0 1.06"
              fill-rule="evenodd"
            />
          </svg>
        </div>
      </div>
    </div>
    <div
      class="ids-dropdown ids-combobox__dropdown ids-dropdown--bottom-start ids-dropdown--scrollable"
      data-show="true"
      style="position: fixed; top: 0px; left: 0px;"
    >
      <div
        class="ids-dropdown__scroll-content"
      >
        <ul
          class="ids-list ids-combobox__list ids-list--compact"
          role="listbox"
          tabindex="-1"
        >
          <li
            aria-selected="false"
            class="ids-list-item ids-list-item--compact ids-list-item--selectable ids-list-item--no-description"
            role="option"
            tabindex="-1"
          >
            <div
              class="ids-list-item__content"
            >
              <span
                class="ids-list-item__text"
              >
                <span
                  class="ids-list-item__text-body"
                >
                  <span
                    class="ids-list-item__text-content"
                  >
                    <span
                      class="ids-list-item__text-label"
                    >
                      Option 1
                    </span>
                  </span>
                </span>
              </span>
            </div>
          </li>
          <li
            aria-selected="false"
            class="ids-list-item ids-list-item--compact ids-list-item--selectable ids-list-item--no-description"
            role="option"
            tabindex="-1"
          >
            <div
              class="ids-list-item__content"
            >
              <span
                class="ids-list-item__text"
              >
                <span
                  class="ids-list-item__text-body"
                >
                  <span
                    class="ids-list-item__text-content"
                  >
                    <span
                      class="ids-list-item__text-label"
                    >
                      Option 2
                    </span>
                  </span>
                </span>
              </span>
            </div>
          </li>
        </ul>
      </div>
    </div>
  </div>
</DocumentFragment>
`;
