// Jest Snapshot v1, https://goo.gl/fbAQLP

exports[`ColorPicker It should render a snapshot 1`] = `
<DocumentFragment>
  <div
    class="ids-color-picker"
    data-test="ids-color-picker"
  >
    <button
      class="ids-color-picker__button"
      data-color="decorativeOption3"
      data-rac=""
      style="--ids-picker-selected-color-hover: var(--hop-decorative-option3-surface-hover);"
      type="button"
    >
      <div
        class="ids-color ids-color--medium ids-color--circular"
      >
        <div
          class="ids-color__inner"
          style="--ids-color-background: var(--hop-decorative-option3-surface);"
        />
      </div>
    </button>
  </div>
</DocumentFragment>
`;
